

================================================================
== Vivado HLS Report for 'encrypt'
================================================================
* Date:           Wed Oct 31 14:44:15 2018

* Version:        2017.1 (Build 1846317 on Thu Jun 22 18:17:09 MDT 2017)
* Project:        encrypt
* Solution:       solution
* Product family: zynq
* Target device:  xc7z020clg400-1


================================================================
== Performance Estimates
================================================================
+ Timing (ns): 
    * Summary: 
    +--------+-------+----------+------------+
    |  Clock | Target| Estimated| Uncertainty|
    +--------+-------+----------+------------+
    |ap_clk  |   7.00|      5.11|        1.89|
    +--------+-------+----------+------------+

+ Latency (clock cycles): 
    * Summary: 
    +-------+-------+-------+-------+---------+
    |    Latency    |    Interval   | Pipeline|
    |  min  |  max  |  min  |  max  |   Type  |
    +-------+-------+-------+-------+---------+
    |  15109|  21869|  15110|  21870|   none  |
    +-------+-------+-------+-------+---------+

    + Detail: 
        * Instance: 
        N/A

        * Loop: 
        +----------+-------+-------+------------+-----------+-----------+------+----------+
        |          |    Latency    |  Iteration |  Initiation Interval  | Trip |          |
        | Loop Name|  min  |  max  |   Latency  |  achieved |   target  | Count| Pipelined|
        +----------+-------+-------+------------+-----------+-----------+------+----------+
        |- ecb1    |     96|     96|           3|          -|          -|    32|    no    |
        |- ecb2    |   3654|   3654|         522|          -|          -|     7|    no    |
        |- ecb3    |  10140|  16900| 780 ~ 1300 |          -|          -|    13|    no    |
        +----------+-------+-------+------------+-----------+-----------+------+----------+

============================================================
+ Verbose Summary: Synthesis Manager
============================================================
InlineROM: 1
ExposeGlobal: 0
============================================================
+ Verbose Summary: CDFG Model
============================================================
IsTopModel: 1
ResetActiveHigh: 1
IsCombinational: 0
IsDatapathOnly: 0
HasWiredReturn: 1
HasMFsm: 0
HasVarLatency: 1
IsPipeline: 0
IsRtlPipelined: 0
IsInstanceOverlapped: 0
IsDontTouch: 0
HasImplIP: 0
IsGatedGlobalClock: 0


============================================================
+ Verbose Summary: Schedule
============================================================
* Number of FSM states: 27
* Pipeline: 0
* Dataflow Pipeline: 0

* FSM state transitions: 
1 --> 
	2  / true
2 --> 
	3  / (!tmp)
	5  / (tmp)
3 --> 
	4  / true
4 --> 
	2  / true
5 --> 
	6  / true
6 --> 
	7  / true
7 --> 
	8  / true
8 --> 
	9  / true
9 --> 
	10  / (!tmp_7)
	11  / (tmp_7)
10 --> 
	9  / true
11 --> 
	12  / true
12 --> 
	13  / (!exitcond)
	23  / (exitcond)
13 --> 
	14  / true
14 --> 
	15  / true
15 --> 
	16  / true
16 --> 
	17  / true
17 --> 
	18  / (!tmp_1)
	21  / (tmp_1)
18 --> 
	19  / true
19 --> 
	20  / true
20 --> 
	12  / true
21 --> 
	22  / true
22 --> 
	20  / true
23 --> 
	24  / true
24 --> 
	25  / true
25 --> 
	26  / true
26 --> 
	27  / true
27 --> 
* FSM state operations: 

 <State 1>: 5.11ns
ST_1: buf_offset_read (11)  [1/1] 0.00ns
:0  %buf_offset_read = call i32 @_ssdm_op_Read.ap_auto.i32(i32 %buf_offset)

ST_1: ctx_deckey_offset_re (12)  [1/1] 0.00ns
:1  %ctx_deckey_offset_re = call i32 @_ssdm_op_Read.ap_auto.i32(i32 %ctx_deckey_offset)

ST_1: ctx_enckey_offset_re (13)  [1/1] 0.00ns
:2  %ctx_enckey_offset_re = call i32 @_ssdm_op_Read.ap_auto.i32(i32 %ctx_enckey_offset)

ST_1: ctx_key_offset_read (14)  [1/1] 0.00ns
:3  %ctx_key_offset_read = call i32 @_ssdm_op_Read.ap_auto.i32(i32 %ctx_key_offset)

ST_1: ctx_deckey_addr (15)  [1/1] 0.00ns
:4  %ctx_deckey_addr = getelementptr i8* %ctx_deckey, i32 %ctx_deckey_offset_re

ST_1: ctx_enckey_addr (16)  [1/1] 0.00ns
:5  %ctx_enckey_addr = getelementptr i8* %ctx_enckey, i32 %ctx_enckey_offset_re

ST_1: StgValue_34 (17)  [1/1] 0.00ns
:6  call void (...)* @_ssdm_op_SpecBitsMap(i8* %buf_r), !map !35

ST_1: StgValue_35 (18)  [1/1] 0.00ns
:7  call void (...)* @_ssdm_op_SpecBitsMap(i8* %ctx_deckey), !map !41

ST_1: StgValue_36 (19)  [1/1] 0.00ns
:8  call void (...)* @_ssdm_op_SpecBitsMap(i8* %ctx_enckey), !map !47

ST_1: StgValue_37 (20)  [1/1] 0.00ns
:9  call void (...)* @_ssdm_op_SpecBitsMap(i8* %ctx_key), !map !51

ST_1: StgValue_38 (21)  [1/1] 0.00ns
:10  call void (...)* @_ssdm_op_SpecBitsMap([32 x i8]* %k) nounwind, !map !55

ST_1: StgValue_39 (22)  [1/1] 0.00ns
:11  call void (...)* @_ssdm_op_SpecTopModule([8 x i8]* @encrypt_str) nounwind

ST_1: StgValue_40 (23)  [1/1] 0.00ns  loc: /mnt/icgridio2/safe/giesen/HLS_tuner/1/TestApps/MachSuite/aes/Sources/aes.c:304
:12  call void (...)* @_ssdm_op_SpecLatency(i32 1, i32 65535, [1 x i8]* @p_str1) nounwind

ST_1: StgValue_41 (24)  [1/1] 0.00ns
:13  call void (...)* @_ssdm_op_SpecMemCore([32 x i8]* %k, [1 x i8]* @p_str1, [7 x i8]* @p_str7, [1 x i8]* @p_str1, i32 -1, [1 x i8]* @p_str1, [1 x i8]* @p_str1, [1 x i8]* @p_str1, [1 x i8]* @p_str1, [1 x i8]* @p_str1) nounwind

ST_1: StgValue_42 (25)  [1/1] 0.00ns
:14  call void (...)* @_ssdm_op_SpecInterface([32 x i8]* %k, [5 x i8]* @p_str8, i32 0, i32 0, [1 x i8]* @p_str1, i32 0, i32 0, [1 x i8]* @p_str1, [1 x i8]* @p_str1, [1 x i8]* @p_str1, i32 0, i32 0, i32 0, i32 0, [1 x i8]* @p_str1, [1 x i8]* @p_str1) nounwind

ST_1: StgValue_43 (26)  [1/1] 0.00ns
:15  call void (...)* @_ssdm_op_SpecInterface(i8* %ctx_deckey, [6 x i8]* @p_str9, i32 0, i32 0, [1 x i8]* @p_str1, i32 0, i32 0, [11 x i8]* @p_str10, [7 x i8]* @p_str11, [1 x i8]* @p_str1, i32 16, i32 16, i32 16, i32 16, [1 x i8]* @p_str1, [1 x i8]* @p_str1)

ST_1: StgValue_44 (27)  [1/1] 0.00ns
:16  call void (...)* @_ssdm_op_SpecInterface(i8* %ctx_enckey, [6 x i8]* @p_str9, i32 0, i32 0, [1 x i8]* @p_str1, i32 0, i32 0, [11 x i8]* @p_str12, [7 x i8]* @p_str11, [1 x i8]* @p_str1, i32 16, i32 16, i32 16, i32 16, [1 x i8]* @p_str1, [1 x i8]* @p_str1)

ST_1: StgValue_45 (28)  [1/1] 0.00ns
:17  call void (...)* @_ssdm_op_SpecInterface(i8* %ctx_key, [6 x i8]* @p_str9, i32 0, i32 0, [1 x i8]* @p_str1, i32 0, i32 0, [8 x i8]* @p_str13, [7 x i8]* @p_str11, [1 x i8]* @p_str1, i32 16, i32 16, i32 16, i32 16, [1 x i8]* @p_str1, [1 x i8]* @p_str1)

ST_1: StgValue_46 (29)  [1/1] 0.00ns
:18  call void (...)* @_ssdm_op_SpecInterface(i8* %buf_r, [6 x i8]* @p_str9, i32 0, i32 0, [1 x i8]* @p_str1, i32 0, i32 0, [4 x i8]* @p_str14, [7 x i8]* @p_str11, [1 x i8]* @p_str1, i32 16, i32 16, i32 16, i32 16, [1 x i8]* @p_str1, [1 x i8]* @p_str1)

ST_1: ctx_deckey_addr_wr_r (30)  [1/1] 5.11ns  loc: /mnt/icgridio2/safe/giesen/HLS_tuner/1/TestApps/MachSuite/aes/Sources/aes.c:314
:19  %ctx_deckey_addr_wr_r = call i1 @_ssdm_op_WriteReq.m_axi.i8P(i8* %ctx_deckey_addr, i32 32)

ST_1: ctx_enckey_addr_wr_r (31)  [1/1] 5.11ns  loc: /mnt/icgridio2/safe/giesen/HLS_tuner/1/TestApps/MachSuite/aes/Sources/aes.c:314
:20  %ctx_enckey_addr_wr_r = call i1 @_ssdm_op_WriteReq.m_axi.i8P(i8* %ctx_enckey_addr, i32 32)

ST_1: StgValue_49 (32)  [1/1] 1.77ns  loc: /mnt/icgridio2/safe/giesen/HLS_tuner/1/TestApps/MachSuite/aes/Sources/aes.c:308
:21  br label %1


 <State 2>: 5.11ns
ST_2: i (34)  [1/1] 0.00ns
:0  %i = phi i6 [ 0, %0 ], [ %i_3, %2 ]

ST_2: tmp (35)  [1/1] 1.43ns  loc: /mnt/icgridio2/safe/giesen/HLS_tuner/1/TestApps/MachSuite/aes/Sources/aes.c:308
:1  %tmp = icmp eq i6 %i, -32

ST_2: empty (36)  [1/1] 0.00ns
:2  %empty = call i32 (...)* @_ssdm_op_SpecLoopTripCount(i64 32, i64 32, i64 32) nounwind

ST_2: i_3 (37)  [1/1] 1.83ns  loc: /mnt/icgridio2/safe/giesen/HLS_tuner/1/TestApps/MachSuite/aes/Sources/aes.c:308
:3  %i_3 = add i6 %i, 1

ST_2: StgValue_54 (38)  [1/1] 0.00ns  loc: /mnt/icgridio2/safe/giesen/HLS_tuner/1/TestApps/MachSuite/aes/Sources/aes.c:308
:4  br i1 %tmp, label %.preheader.preheader, label %2

ST_2: tmp_5 (41)  [1/1] 0.00ns  loc: /mnt/icgridio2/safe/giesen/HLS_tuner/1/TestApps/MachSuite/aes/Sources/aes.c:314
:1  %tmp_5 = zext i6 %i to i32

ST_2: k_addr (42)  [1/1] 0.00ns  loc: /mnt/icgridio2/safe/giesen/HLS_tuner/1/TestApps/MachSuite/aes/Sources/aes.c:314
:2  %k_addr = getelementptr [32 x i8]* %k, i32 0, i32 %tmp_5

ST_2: k_load (43)  [2/2] 2.32ns  loc: /mnt/icgridio2/safe/giesen/HLS_tuner/1/TestApps/MachSuite/aes/Sources/aes.c:314
:3  %k_load = load i8* %k_addr, align 1

ST_2: ctx_enckey_addr_wr_r_1 (48)  [5/5] 5.11ns  loc: /mnt/icgridio2/safe/giesen/HLS_tuner/1/TestApps/MachSuite/aes/Sources/aes.c:314
.preheader.preheader:0  %ctx_enckey_addr_wr_r_1 = call i1 @_ssdm_op_WriteResp.m_axi.i8P(i8* %ctx_enckey_addr)

ST_2: ctx_deckey_addr_wr_r_1 (49)  [5/5] 5.11ns  loc: /mnt/icgridio2/safe/giesen/HLS_tuner/1/TestApps/MachSuite/aes/Sources/aes.c:314
.preheader.preheader:1  %ctx_deckey_addr_wr_r_1 = call i1 @_ssdm_op_WriteResp.m_axi.i8P(i8* %ctx_deckey_addr)


 <State 3>: 2.32ns
ST_3: k_load (43)  [1/2] 2.32ns  loc: /mnt/icgridio2/safe/giesen/HLS_tuner/1/TestApps/MachSuite/aes/Sources/aes.c:314
:3  %k_load = load i8* %k_addr, align 1


 <State 4>: 5.11ns
ST_4: StgValue_61 (40)  [1/1] 0.00ns  loc: /mnt/icgridio2/safe/giesen/HLS_tuner/1/TestApps/MachSuite/aes/Sources/aes.c:308
:0  call void (...)* @_ssdm_op_SpecLoopName([5 x i8]* @p_str15) nounwind

ST_4: StgValue_62 (44)  [1/1] 5.11ns  loc: /mnt/icgridio2/safe/giesen/HLS_tuner/1/TestApps/MachSuite/aes/Sources/aes.c:314
:4  call void @_ssdm_op_Write.m_axi.i8P(i8* %ctx_deckey_addr, i8 %k_load, i1 true)

ST_4: StgValue_63 (45)  [1/1] 5.11ns  loc: /mnt/icgridio2/safe/giesen/HLS_tuner/1/TestApps/MachSuite/aes/Sources/aes.c:314
:5  call void @_ssdm_op_Write.m_axi.i8P(i8* %ctx_enckey_addr, i8 %k_load, i1 true)

ST_4: StgValue_64 (46)  [1/1] 0.00ns  loc: /mnt/icgridio2/safe/giesen/HLS_tuner/1/TestApps/MachSuite/aes/Sources/aes.c:308
:6  br label %1


 <State 5>: 5.11ns
ST_5: ctx_enckey_addr_wr_r_1 (48)  [4/5] 5.11ns  loc: /mnt/icgridio2/safe/giesen/HLS_tuner/1/TestApps/MachSuite/aes/Sources/aes.c:314
.preheader.preheader:0  %ctx_enckey_addr_wr_r_1 = call i1 @_ssdm_op_WriteResp.m_axi.i8P(i8* %ctx_enckey_addr)

ST_5: ctx_deckey_addr_wr_r_1 (49)  [4/5] 5.11ns  loc: /mnt/icgridio2/safe/giesen/HLS_tuner/1/TestApps/MachSuite/aes/Sources/aes.c:314
.preheader.preheader:1  %ctx_deckey_addr_wr_r_1 = call i1 @_ssdm_op_WriteResp.m_axi.i8P(i8* %ctx_deckey_addr)


 <State 6>: 5.11ns
ST_6: ctx_enckey_addr_wr_r_1 (48)  [3/5] 5.11ns  loc: /mnt/icgridio2/safe/giesen/HLS_tuner/1/TestApps/MachSuite/aes/Sources/aes.c:314
.preheader.preheader:0  %ctx_enckey_addr_wr_r_1 = call i1 @_ssdm_op_WriteResp.m_axi.i8P(i8* %ctx_enckey_addr)

ST_6: ctx_deckey_addr_wr_r_1 (49)  [3/5] 5.11ns  loc: /mnt/icgridio2/safe/giesen/HLS_tuner/1/TestApps/MachSuite/aes/Sources/aes.c:314
.preheader.preheader:1  %ctx_deckey_addr_wr_r_1 = call i1 @_ssdm_op_WriteResp.m_axi.i8P(i8* %ctx_deckey_addr)


 <State 7>: 5.11ns
ST_7: ctx_enckey_addr_wr_r_1 (48)  [2/5] 5.11ns  loc: /mnt/icgridio2/safe/giesen/HLS_tuner/1/TestApps/MachSuite/aes/Sources/aes.c:314
.preheader.preheader:0  %ctx_enckey_addr_wr_r_1 = call i1 @_ssdm_op_WriteResp.m_axi.i8P(i8* %ctx_enckey_addr)

ST_7: ctx_deckey_addr_wr_r_1 (49)  [2/5] 5.11ns  loc: /mnt/icgridio2/safe/giesen/HLS_tuner/1/TestApps/MachSuite/aes/Sources/aes.c:314
.preheader.preheader:1  %ctx_deckey_addr_wr_r_1 = call i1 @_ssdm_op_WriteResp.m_axi.i8P(i8* %ctx_deckey_addr)


 <State 8>: 5.11ns
ST_8: ctx_enckey_addr_wr_r_1 (48)  [1/5] 5.11ns  loc: /mnt/icgridio2/safe/giesen/HLS_tuner/1/TestApps/MachSuite/aes/Sources/aes.c:314
.preheader.preheader:0  %ctx_enckey_addr_wr_r_1 = call i1 @_ssdm_op_WriteResp.m_axi.i8P(i8* %ctx_enckey_addr)

ST_8: ctx_deckey_addr_wr_r_1 (49)  [1/5] 5.11ns  loc: /mnt/icgridio2/safe/giesen/HLS_tuner/1/TestApps/MachSuite/aes/Sources/aes.c:314
.preheader.preheader:1  %ctx_deckey_addr_wr_r_1 = call i1 @_ssdm_op_WriteResp.m_axi.i8P(i8* %ctx_deckey_addr)

ST_8: StgValue_73 (50)  [1/1] 1.77ns  loc: /mnt/icgridio2/safe/giesen/HLS_tuner/1/TestApps/MachSuite/aes/Sources/aes.c:316
.preheader.preheader:2  br label %.preheader


 <State 9>: 4.37ns
ST_9: rcon (52)  [1/1] 0.00ns
.preheader:0  %rcon = phi i8 [ %rcon_2, %3 ], [ 1, %.preheader.preheader ]

ST_9: i_1 (53)  [1/1] 0.00ns  loc: /mnt/icgridio2/safe/giesen/HLS_tuner/1/TestApps/MachSuite/aes/Sources/aes.c:323
.preheader:1  %i_1 = phi i3 [ %phitmp, %3 ], [ -1, %.preheader.preheader ]

ST_9: tmp_7 (54)  [1/1] 1.13ns  loc: /mnt/icgridio2/safe/giesen/HLS_tuner/1/TestApps/MachSuite/aes/Sources/aes.c:316
.preheader:2  %tmp_7 = icmp eq i3 %i_1, 0

ST_9: empty_3 (55)  [1/1] 0.00ns
.preheader:3  %empty_3 = call i32 (...)* @_ssdm_op_SpecLoopTripCount(i64 7, i64 7, i64 7) nounwind

ST_9: StgValue_78 (56)  [1/1] 0.00ns  loc: /mnt/icgridio2/safe/giesen/HLS_tuner/1/TestApps/MachSuite/aes/Sources/aes.c:316
.preheader:4  br i1 %tmp_7, label %4, label %3

ST_9: rcon_2 (59)  [2/2] 4.37ns  loc: /mnt/icgridio2/safe/giesen/HLS_tuner/1/TestApps/MachSuite/aes/Sources/aes.c:322
:1  %rcon_2 = call fastcc i8 @aes_expandEncKey(i8* %ctx_deckey, i32 %ctx_deckey_offset_re, i8 %rcon)

ST_9: phitmp (60)  [1/1] 1.65ns  loc: /mnt/icgridio2/safe/giesen/HLS_tuner/1/TestApps/MachSuite/aes/Sources/aes.c:323
:2  %phitmp = add i3 %i_1, -1

ST_9: rcon_1 (63)  [1/1] 0.00ns
:0  %rcon_1 = alloca i8

ST_9: StgValue_82 (64)  [2/2] 0.00ns  loc: /mnt/icgridio2/safe/giesen/HLS_tuner/1/TestApps/MachSuite/aes/Sources/aes.c:326
:1  call fastcc void @aes_addRoundKey_cpy(i8* %buf_r, i32 %buf_offset_read, i8* %ctx_enckey, i32 %ctx_enckey_offset_re, i8* %ctx_key, i32 %ctx_key_offset_read)

ST_9: StgValue_83 (65)  [1/1] 1.77ns
:2  store i8 1, i8* %rcon_1


 <State 10>: 0.00ns
ST_10: StgValue_84 (58)  [1/1] 0.00ns  loc: /mnt/icgridio2/safe/giesen/HLS_tuner/1/TestApps/MachSuite/aes/Sources/aes.c:316
:0  call void (...)* @_ssdm_op_SpecLoopName([5 x i8]* @p_str16) nounwind

ST_10: rcon_2 (59)  [1/2] 0.00ns  loc: /mnt/icgridio2/safe/giesen/HLS_tuner/1/TestApps/MachSuite/aes/Sources/aes.c:322
:1  %rcon_2 = call fastcc i8 @aes_expandEncKey(i8* %ctx_deckey, i32 %ctx_deckey_offset_re, i8 %rcon)

ST_10: StgValue_86 (61)  [1/1] 0.00ns  loc: /mnt/icgridio2/safe/giesen/HLS_tuner/1/TestApps/MachSuite/aes/Sources/aes.c:323
:3  br label %.preheader


 <State 11>: 1.77ns
ST_11: StgValue_87 (64)  [1/2] 0.00ns  loc: /mnt/icgridio2/safe/giesen/HLS_tuner/1/TestApps/MachSuite/aes/Sources/aes.c:326
:1  call fastcc void @aes_addRoundKey_cpy(i8* %buf_r, i32 %buf_offset_read, i8* %ctx_enckey, i32 %ctx_enckey_offset_re, i8* %ctx_key, i32 %ctx_key_offset_read)

ST_11: StgValue_88 (66)  [1/1] 1.77ns  loc: /mnt/icgridio2/safe/giesen/HLS_tuner/1/TestApps/MachSuite/aes/Sources/aes.c:327
:3  br label %5


 <State 12>: 4.37ns
ST_12: i_2 (68)  [1/1] 0.00ns
:0  %i_2 = phi i4 [ 1, %4 ], [ %i_4, %9 ]

ST_12: exitcond (69)  [1/1] 1.30ns  loc: /mnt/icgridio2/safe/giesen/HLS_tuner/1/TestApps/MachSuite/aes/Sources/aes.c:327
:1  %exitcond = icmp eq i4 %i_2, -2

ST_12: empty_4 (70)  [1/1] 0.00ns
:2  %empty_4 = call i32 (...)* @_ssdm_op_SpecLoopTripCount(i64 13, i64 13, i64 13) nounwind

ST_12: StgValue_92 (71)  [1/1] 0.00ns  loc: /mnt/icgridio2/safe/giesen/HLS_tuner/1/TestApps/MachSuite/aes/Sources/aes.c:327
:3  br i1 %exitcond, label %10, label %6

ST_12: StgValue_93 (74)  [2/2] 1.77ns  loc: /mnt/icgridio2/safe/giesen/HLS_tuner/1/TestApps/MachSuite/aes/Sources/aes.c:334
:1  call fastcc void @aes_subBytes(i8* %buf_r, i32 %buf_offset_read)

ST_12: rcon_1_load (92)  [1/1] 0.00ns  loc: /mnt/icgridio2/safe/giesen/HLS_tuner/1/TestApps/MachSuite/aes/Sources/aes.c:342
:0  %rcon_1_load = load i8* %rcon_1

ST_12: StgValue_95 (93)  [2/2] 1.77ns  loc: /mnt/icgridio2/safe/giesen/HLS_tuner/1/TestApps/MachSuite/aes/Sources/aes.c:340
:1  call fastcc void @aes_subBytes(i8* %buf_r, i32 %buf_offset_read)

ST_12: empty_5 (95)  [2/2] 4.37ns  loc: /mnt/icgridio2/safe/giesen/HLS_tuner/1/TestApps/MachSuite/aes/Sources/aes.c:342
:3  %empty_5 = call fastcc i8 @aes_expandEncKey(i8* %ctx_key, i32 %ctx_key_offset_read, i8 %rcon_1_load)


 <State 13>: 0.00ns
ST_13: StgValue_97 (74)  [1/2] 0.00ns  loc: /mnt/icgridio2/safe/giesen/HLS_tuner/1/TestApps/MachSuite/aes/Sources/aes.c:334
:1  call fastcc void @aes_subBytes(i8* %buf_r, i32 %buf_offset_read)


 <State 14>: 4.32ns
ST_14: StgValue_98 (75)  [2/2] 4.32ns  loc: /mnt/icgridio2/safe/giesen/HLS_tuner/1/TestApps/MachSuite/aes/Sources/aes.c:335
:2  call fastcc void @aes_shiftRows(i8* %buf_r, i32 %buf_offset_read)


 <State 15>: 0.00ns
ST_15: StgValue_99 (75)  [1/2] 0.00ns  loc: /mnt/icgridio2/safe/giesen/HLS_tuner/1/TestApps/MachSuite/aes/Sources/aes.c:335
:2  call fastcc void @aes_shiftRows(i8* %buf_r, i32 %buf_offset_read)


 <State 16>: 0.00ns
ST_16: StgValue_100 (76)  [2/2] 0.00ns  loc: /mnt/icgridio2/safe/giesen/HLS_tuner/1/TestApps/MachSuite/aes/Sources/aes.c:336
:3  call fastcc void @aes_mixColumns(i8* %buf_r, i32 %buf_offset_read)


 <State 17>: 4.37ns
ST_17: StgValue_101 (73)  [1/1] 0.00ns  loc: /mnt/icgridio2/safe/giesen/HLS_tuner/1/TestApps/MachSuite/aes/Sources/aes.c:328
:0  call void (...)* @_ssdm_op_SpecLoopName([5 x i8]* @p_str17) nounwind

ST_17: StgValue_102 (76)  [1/2] 0.00ns  loc: /mnt/icgridio2/safe/giesen/HLS_tuner/1/TestApps/MachSuite/aes/Sources/aes.c:336
:3  call fastcc void @aes_mixColumns(i8* %buf_r, i32 %buf_offset_read)

ST_17: tmp_1 (77)  [1/1] 0.00ns  loc: /mnt/icgridio2/safe/giesen/HLS_tuner/1/TestApps/MachSuite/aes/Sources/aes.c:327
:4  %tmp_1 = trunc i4 %i_2 to i1

ST_17: StgValue_104 (78)  [1/1] 0.00ns  loc: /mnt/icgridio2/safe/giesen/HLS_tuner/1/TestApps/MachSuite/aes/Sources/aes.c:337
:5  br i1 %tmp_1, label %7, label %8

ST_17: rcon_1_load_1 (80)  [1/1] 0.00ns  loc: /mnt/icgridio2/safe/giesen/HLS_tuner/1/TestApps/MachSuite/aes/Sources/aes.c:338
:0  %rcon_1_load_1 = load i8* %rcon_1

ST_17: rcon_3 (81)  [2/2] 4.37ns  loc: /mnt/icgridio2/safe/giesen/HLS_tuner/1/TestApps/MachSuite/aes/Sources/aes.c:338
:1  %rcon_3 = call fastcc i8 @aes_expandEncKey(i8* %ctx_key, i32 %ctx_key_offset_read, i8 %rcon_1_load_1)


 <State 18>: 1.77ns
ST_18: rcon_3 (81)  [1/2] 0.00ns  loc: /mnt/icgridio2/safe/giesen/HLS_tuner/1/TestApps/MachSuite/aes/Sources/aes.c:338
:1  %rcon_3 = call fastcc i8 @aes_expandEncKey(i8* %ctx_key, i32 %ctx_key_offset_read, i8 %rcon_1_load_1)

ST_18: StgValue_108 (83)  [1/1] 1.77ns  loc: /mnt/icgridio2/safe/giesen/HLS_tuner/1/TestApps/MachSuite/aes/Sources/aes.c:338
:3  store i8 %rcon_3, i8* %rcon_1


 <State 19>: 1.81ns
ST_19: StgValue_109 (82)  [2/2] 1.81ns  loc: /mnt/icgridio2/safe/giesen/HLS_tuner/1/TestApps/MachSuite/aes/Sources/aes.c:338
:2  call fastcc void @aes_addRoundKey(i8* %buf_r, i32 %buf_offset_read, i8* %ctx_key, i32 %ctx_key_offset_read, i6 0)


 <State 20>: 1.74ns
ST_20: StgValue_110 (82)  [1/2] 0.00ns  loc: /mnt/icgridio2/safe/giesen/HLS_tuner/1/TestApps/MachSuite/aes/Sources/aes.c:338
:2  call fastcc void @aes_addRoundKey(i8* %buf_r, i32 %buf_offset_read, i8* %ctx_key, i32 %ctx_key_offset_read, i6 0)

ST_20: StgValue_111 (84)  [1/1] 0.00ns
:4  br label %9

ST_20: i_4 (89)  [1/1] 1.74ns  loc: /mnt/icgridio2/safe/giesen/HLS_tuner/1/TestApps/MachSuite/aes/Sources/aes.c:327
:0  %i_4 = add i4 %i_2, 1

ST_20: StgValue_113 (90)  [1/1] 0.00ns  loc: /mnt/icgridio2/safe/giesen/HLS_tuner/1/TestApps/MachSuite/aes/Sources/aes.c:327
:1  br label %5


 <State 21>: 1.81ns
ST_21: StgValue_114 (86)  [2/2] 1.81ns  loc: /mnt/icgridio2/safe/giesen/HLS_tuner/1/TestApps/MachSuite/aes/Sources/aes.c:337
:0  call fastcc void @aes_addRoundKey(i8* %buf_r, i32 %buf_offset_read, i8* %ctx_key, i32 %ctx_key_offset_read, i6 16)


 <State 22>: 0.00ns
ST_22: StgValue_115 (86)  [1/2] 0.00ns  loc: /mnt/icgridio2/safe/giesen/HLS_tuner/1/TestApps/MachSuite/aes/Sources/aes.c:337
:0  call fastcc void @aes_addRoundKey(i8* %buf_r, i32 %buf_offset_read, i8* %ctx_key, i32 %ctx_key_offset_read, i6 16)

ST_22: StgValue_116 (87)  [1/1] 0.00ns  loc: /mnt/icgridio2/safe/giesen/HLS_tuner/1/TestApps/MachSuite/aes/Sources/aes.c:337
:1  br label %9


 <State 23>: 0.00ns
ST_23: StgValue_117 (93)  [1/2] 0.00ns  loc: /mnt/icgridio2/safe/giesen/HLS_tuner/1/TestApps/MachSuite/aes/Sources/aes.c:340
:1  call fastcc void @aes_subBytes(i8* %buf_r, i32 %buf_offset_read)

ST_23: empty_5 (95)  [1/2] 0.00ns  loc: /mnt/icgridio2/safe/giesen/HLS_tuner/1/TestApps/MachSuite/aes/Sources/aes.c:342
:3  %empty_5 = call fastcc i8 @aes_expandEncKey(i8* %ctx_key, i32 %ctx_key_offset_read, i8 %rcon_1_load)


 <State 24>: 4.32ns
ST_24: StgValue_119 (94)  [2/2] 4.32ns  loc: /mnt/icgridio2/safe/giesen/HLS_tuner/1/TestApps/MachSuite/aes/Sources/aes.c:341
:2  call fastcc void @aes_shiftRows(i8* %buf_r, i32 %buf_offset_read)


 <State 25>: 0.00ns
ST_25: StgValue_120 (94)  [1/2] 0.00ns  loc: /mnt/icgridio2/safe/giesen/HLS_tuner/1/TestApps/MachSuite/aes/Sources/aes.c:341
:2  call fastcc void @aes_shiftRows(i8* %buf_r, i32 %buf_offset_read)


 <State 26>: 1.81ns
ST_26: StgValue_121 (96)  [2/2] 1.81ns  loc: /mnt/icgridio2/safe/giesen/HLS_tuner/1/TestApps/MachSuite/aes/Sources/aes.c:343
:4  call fastcc void @aes_addRoundKey(i8* %buf_r, i32 %buf_offset_read, i8* %ctx_key, i32 %ctx_key_offset_read, i6 0)


 <State 27>: 0.00ns
ST_27: StgValue_122 (96)  [1/2] 0.00ns  loc: /mnt/icgridio2/safe/giesen/HLS_tuner/1/TestApps/MachSuite/aes/Sources/aes.c:343
:4  call fastcc void @aes_addRoundKey(i8* %buf_r, i32 %buf_offset_read, i8* %ctx_key, i32 %ctx_key_offset_read, i6 0)

ST_27: StgValue_123 (97)  [1/1] 0.00ns  loc: /mnt/icgridio2/safe/giesen/HLS_tuner/1/TestApps/MachSuite/aes/Sources/aes.c:344
:5  ret void



============================================================
+ Verbose Summary: Timing violations
============================================================
Target clock period: 7ns, clock uncertainty: 1.89ns.

 <State 1>: 5.11ns
The critical path consists of the following:
	wire read on port 'ctx_deckey_offset' [12]  (0 ns)
	'getelementptr' operation ('ctx_deckey_addr') [15]  (0 ns)
	bus request on port 'ctx_deckey' (/mnt/icgridio2/safe/giesen/HLS_tuner/1/TestApps/MachSuite/aes/Sources/aes.c:314) [30]  (5.11 ns)

 <State 2>: 5.11ns
The critical path consists of the following:
	bus access on port 'ctx_enckey' (/mnt/icgridio2/safe/giesen/HLS_tuner/1/TestApps/MachSuite/aes/Sources/aes.c:314) [48]  (5.11 ns)

 <State 3>: 2.32ns
The critical path consists of the following:
	'load' operation ('k_load', /mnt/icgridio2/safe/giesen/HLS_tuner/1/TestApps/MachSuite/aes/Sources/aes.c:314) on array 'k' [43]  (2.32 ns)

 <State 4>: 5.11ns
The critical path consists of the following:
	bus write on port 'ctx_deckey' (/mnt/icgridio2/safe/giesen/HLS_tuner/1/TestApps/MachSuite/aes/Sources/aes.c:314) [44]  (5.11 ns)

 <State 5>: 5.11ns
The critical path consists of the following:
	bus access on port 'ctx_enckey' (/mnt/icgridio2/safe/giesen/HLS_tuner/1/TestApps/MachSuite/aes/Sources/aes.c:314) [48]  (5.11 ns)

 <State 6>: 5.11ns
The critical path consists of the following:
	bus access on port 'ctx_enckey' (/mnt/icgridio2/safe/giesen/HLS_tuner/1/TestApps/MachSuite/aes/Sources/aes.c:314) [48]  (5.11 ns)

 <State 7>: 5.11ns
The critical path consists of the following:
	bus access on port 'ctx_enckey' (/mnt/icgridio2/safe/giesen/HLS_tuner/1/TestApps/MachSuite/aes/Sources/aes.c:314) [48]  (5.11 ns)

 <State 8>: 5.11ns
The critical path consists of the following:
	bus access on port 'ctx_enckey' (/mnt/icgridio2/safe/giesen/HLS_tuner/1/TestApps/MachSuite/aes/Sources/aes.c:314) [48]  (5.11 ns)

 <State 9>: 4.37ns
The critical path consists of the following:
	'phi' operation ('rcon') with incoming values : ('rcon', /mnt/icgridio2/safe/giesen/HLS_tuner/1/TestApps/MachSuite/aes/Sources/aes.c:322) [52]  (0 ns)
	'call' operation ('rcon', /mnt/icgridio2/safe/giesen/HLS_tuner/1/TestApps/MachSuite/aes/Sources/aes.c:322) to 'aes_expandEncKey' [59]  (4.37 ns)

 <State 10>: 0ns
The critical path consists of the following:

 <State 11>: 1.77ns
The critical path consists of the following:
	multiplexor before 'phi' operation ('i') with incoming values : ('i', /mnt/icgridio2/safe/giesen/HLS_tuner/1/TestApps/MachSuite/aes/Sources/aes.c:327) [68]  (1.77 ns)

 <State 12>: 4.37ns
The critical path consists of the following:
	'load' operation ('rcon_1_load', /mnt/icgridio2/safe/giesen/HLS_tuner/1/TestApps/MachSuite/aes/Sources/aes.c:342) on local variable 'rcon' [92]  (0 ns)
	'call' operation ('rcon', /mnt/icgridio2/safe/giesen/HLS_tuner/1/TestApps/MachSuite/aes/Sources/aes.c:342) to 'aes_expandEncKey' [95]  (4.37 ns)

 <State 13>: 0ns
The critical path consists of the following:

 <State 14>: 4.32ns
The critical path consists of the following:
	'call' operation (/mnt/icgridio2/safe/giesen/HLS_tuner/1/TestApps/MachSuite/aes/Sources/aes.c:335) to 'aes_shiftRows' [75]  (4.32 ns)

 <State 15>: 0ns
The critical path consists of the following:

 <State 16>: 0ns
The critical path consists of the following:

 <State 17>: 4.37ns
The critical path consists of the following:
	'load' operation ('rcon_1_load_1', /mnt/icgridio2/safe/giesen/HLS_tuner/1/TestApps/MachSuite/aes/Sources/aes.c:338) on local variable 'rcon' [80]  (0 ns)
	'call' operation ('rcon', /mnt/icgridio2/safe/giesen/HLS_tuner/1/TestApps/MachSuite/aes/Sources/aes.c:338) to 'aes_expandEncKey' [81]  (4.37 ns)

 <State 18>: 1.77ns
The critical path consists of the following:
	'call' operation ('rcon', /mnt/icgridio2/safe/giesen/HLS_tuner/1/TestApps/MachSuite/aes/Sources/aes.c:338) to 'aes_expandEncKey' [81]  (0 ns)
	'store' operation (/mnt/icgridio2/safe/giesen/HLS_tuner/1/TestApps/MachSuite/aes/Sources/aes.c:338) of variable 'rcon', /mnt/icgridio2/safe/giesen/HLS_tuner/1/TestApps/MachSuite/aes/Sources/aes.c:338 on local variable 'rcon' [83]  (1.77 ns)

 <State 19>: 1.81ns
The critical path consists of the following:
	'call' operation (/mnt/icgridio2/safe/giesen/HLS_tuner/1/TestApps/MachSuite/aes/Sources/aes.c:338) to 'aes_addRoundKey' [82]  (1.81 ns)

 <State 20>: 1.74ns
The critical path consists of the following:
	'add' operation ('i', /mnt/icgridio2/safe/giesen/HLS_tuner/1/TestApps/MachSuite/aes/Sources/aes.c:327) [89]  (1.74 ns)

 <State 21>: 1.81ns
The critical path consists of the following:
	'call' operation (/mnt/icgridio2/safe/giesen/HLS_tuner/1/TestApps/MachSuite/aes/Sources/aes.c:337) to 'aes_addRoundKey' [86]  (1.81 ns)

 <State 22>: 0ns
The critical path consists of the following:

 <State 23>: 0ns
The critical path consists of the following:

 <State 24>: 4.32ns
The critical path consists of the following:
	'call' operation (/mnt/icgridio2/safe/giesen/HLS_tuner/1/TestApps/MachSuite/aes/Sources/aes.c:341) to 'aes_shiftRows' [94]  (4.32 ns)

 <State 25>: 0ns
The critical path consists of the following:

 <State 26>: 1.81ns
The critical path consists of the following:
	'call' operation (/mnt/icgridio2/safe/giesen/HLS_tuner/1/TestApps/MachSuite/aes/Sources/aes.c:343) to 'aes_addRoundKey' [96]  (1.81 ns)

 <State 27>: 0ns
The critical path consists of the following:


============================================================
+ Verbose Summary: Binding
============================================================
N/A
* FSMD analyzer results:
  - Output states:
 - Input state : 
  - Chain level:
	State 1
	State 2
	State 3
	State 4
	State 5
	State 6
	State 7
	State 8
	State 9
	State 10
	State 11
	State 12
	State 13
	State 14
	State 15
	State 16
	State 17
	State 18
	State 19
	State 20
	State 21
	State 22
	State 23
	State 24
	State 25
	State 26
	State 27


============================================================
+ Verbose Summary: Datapath Resource usage 
============================================================
N/A
