

================================================================
== Vivado HLS Report for 'aes_addRoundKey_cpy'
================================================================
* Date:           Wed Oct 31 14:44:15 2018

* Version:        2017.1 (Build 1846317 on Thu Jun 22 18:17:09 MDT 2017)
* Project:        encrypt
* Solution:       solution
* Product family: zynq
* Target device:  xc7z020clg400-1


================================================================
== Performance Estimates
================================================================
+ Timing (ns): 
    * Summary: 
    +--------+-------+----------+------------+
    |  Clock | Target| Estimated| Uncertainty|
    +--------+-------+----------+------------+
    |ap_clk  |   7.00|      5.11|        1.89|
    +--------+-------+----------+------------+

+ Latency (clock cycles): 
    * Summary: 
    +-----+-----+-----+-----+---------+
    |  Latency  |  Interval | Pipeline|
    | min | max | min | max |   Type  |
    +-----+-----+-----+-----+---------+
    |  289|  289|  289|  289|   none  |
    +-----+-----+-----+-----+---------+

    + Detail: 
        * Instance: 
        N/A

        * Loop: 
        +----------+-----+-----+----------+-----------+-----------+------+----------+
        |          |  Latency  | Iteration|  Initiation Interval  | Trip |          |
        | Loop Name| min | max |  Latency |  achieved |   target  | Count| Pipelined|
        +----------+-----+-----+----------+-----------+-----------+------+----------+
        |- cpkey   |  288|  288|        18|          -|          -|    16|    no    |
        +----------+-----+-----+----------+-----------+-----------+------+----------+

============================================================
+ Verbose Summary: Synthesis Manager
============================================================
InlineROM: 1
ExposeGlobal: 0
============================================================
+ Verbose Summary: CDFG Model
============================================================
IsTopModel: 0
ResetActiveHigh: 1
IsCombinational: 0
IsDatapathOnly: 0
HasWiredReturn: 1
HasMFsm: 0
HasVarLatency: 1
IsPipeline: 0
IsRtlPipelined: 0
IsInstanceOverlapped: 0
IsDontTouch: 0
HasImplIP: 0
IsGatedGlobalClock: 0


============================================================
+ Verbose Summary: Schedule
============================================================
* Number of FSM states: 19
* Pipeline: 0
* Dataflow Pipeline: 0

* FSM state transitions: 
1 --> 
	2  / true
2 --> 
	3  / (!tmp)
3 --> 
	4  / true
4 --> 
	5  / true
5 --> 
	6  / true
6 --> 
	7  / true
7 --> 
	8  / true
8 --> 
	9  / true
9 --> 
	10  / true
10 --> 
	11  / true
11 --> 
	12  / true
12 --> 
	13  / true
13 --> 
	14  / true
14 --> 
	15  / true
15 --> 
	16  / true
16 --> 
	17  / true
17 --> 
	18  / true
18 --> 
	19  / true
19 --> 
	2  / true
* FSM state operations: 

 <State 1>: 1.77ns
ST_1: StgValue_20 (7)  [1/1] 0.00ns
:0  call void (...)* @_ssdm_op_SpecInterface(i8* %buf_r, [6 x i8]* @p_str9, i32 0, i32 0, [1 x i8]* @p_str1, i32 0, i32 0, [4 x i8]* @p_str14, [7 x i8]* @p_str11, [1 x i8]* @p_str1, i32 16, i32 16, i32 16, i32 16, [1 x i8]* @p_str1, [1 x i8]* @p_str1)

ST_1: StgValue_21 (8)  [1/1] 0.00ns
:1  call void (...)* @_ssdm_op_SpecInterface(i8* %cpk, [6 x i8]* @p_str9, i32 0, i32 0, [1 x i8]* @p_str1, i32 0, i32 0, [8 x i8]* @p_str13, [7 x i8]* @p_str11, [1 x i8]* @p_str1, i32 16, i32 16, i32 16, i32 16, [1 x i8]* @p_str1, [1 x i8]* @p_str1)

ST_1: StgValue_22 (9)  [1/1] 0.00ns
:2  call void (...)* @_ssdm_op_SpecInterface(i8* %key, [6 x i8]* @p_str9, i32 0, i32 0, [1 x i8]* @p_str1, i32 0, i32 0, [11 x i8]* @p_str12, [7 x i8]* @p_str11, [1 x i8]* @p_str1, i32 16, i32 16, i32 16, i32 16, [1 x i8]* @p_str1, [1 x i8]* @p_str1)

ST_1: cpk_offset_read (10)  [1/1] 0.00ns
:3  %cpk_offset_read = call i32 @_ssdm_op_Read.ap_auto.i32(i32 %cpk_offset)

ST_1: key_offset_read (11)  [1/1] 0.00ns
:4  %key_offset_read = call i32 @_ssdm_op_Read.ap_auto.i32(i32 %key_offset)

ST_1: buf_offset_read (12)  [1/1] 0.00ns
:5  %buf_offset_read = call i32 @_ssdm_op_Read.ap_auto.i32(i32 %buf_offset)

ST_1: StgValue_26 (13)  [1/1] 1.77ns  loc: /mnt/icgridio2/safe/giesen/HLS_tuner/1/TestApps/MachSuite/aes/Sources/aes.c:214
:6  br label %1


 <State 2>: 4.33ns
ST_2: i (15)  [1/1] 0.00ns
:0  %i = phi i5 [ -16, %0 ], [ %i_10, %2 ]

ST_2: i_10 (16)  [1/1] 1.78ns  loc: /mnt/icgridio2/safe/giesen/HLS_tuner/1/TestApps/MachSuite/aes/Sources/aes.c:214
:1  %i_10 = add i5 %i, -1

ST_2: i_10_cast (17)  [1/1] 0.00ns  loc: /mnt/icgridio2/safe/giesen/HLS_tuner/1/TestApps/MachSuite/aes/Sources/aes.c:214
:2  %i_10_cast = sext i5 %i_10 to i8

ST_2: tmp (18)  [1/1] 1.36ns  loc: /mnt/icgridio2/safe/giesen/HLS_tuner/1/TestApps/MachSuite/aes/Sources/aes.c:214
:3  %tmp = icmp eq i5 %i, 0

ST_2: empty (19)  [1/1] 0.00ns
:4  %empty = call i32 (...)* @_ssdm_op_SpecLoopTripCount(i64 16, i64 16, i64 16)

ST_2: StgValue_32 (20)  [1/1] 0.00ns  loc: /mnt/icgridio2/safe/giesen/HLS_tuner/1/TestApps/MachSuite/aes/Sources/aes.c:214
:5  br i1 %tmp, label %3, label %2

ST_2: tmp_s (23)  [1/1] 0.00ns  loc: /mnt/icgridio2/safe/giesen/HLS_tuner/1/TestApps/MachSuite/aes/Sources/aes.c:221
:1  %tmp_s = zext i8 %i_10_cast to i32

ST_2: sum2 (24)  [1/1] 2.55ns  loc: /mnt/icgridio2/safe/giesen/HLS_tuner/1/TestApps/MachSuite/aes/Sources/aes.c:221
:2  %sum2 = add i32 %tmp_s, %key_offset_read

ST_2: key_addr (25)  [1/1] 0.00ns  loc: /mnt/icgridio2/safe/giesen/HLS_tuner/1/TestApps/MachSuite/aes/Sources/aes.c:221
:3  %key_addr = getelementptr i8* %key, i32 %sum2

ST_2: sum6 (28)  [1/1] 2.55ns  loc: /mnt/icgridio2/safe/giesen/HLS_tuner/1/TestApps/MachSuite/aes/Sources/aes.c:221
:6  %sum6 = add i32 %tmp_s, %cpk_offset_read

ST_2: cpk_addr (29)  [1/1] 0.00ns  loc: /mnt/icgridio2/safe/giesen/HLS_tuner/1/TestApps/MachSuite/aes/Sources/aes.c:221
:7  %cpk_addr = getelementptr i8* %cpk, i32 %sum6

ST_2: sum (33)  [1/1] 2.55ns  loc: /mnt/icgridio2/safe/giesen/HLS_tuner/1/TestApps/MachSuite/aes/Sources/aes.c:221
:11  %sum = add i32 %tmp_s, %buf_offset_read

ST_2: buf_addr (34)  [1/1] 0.00ns  loc: /mnt/icgridio2/safe/giesen/HLS_tuner/1/TestApps/MachSuite/aes/Sources/aes.c:221
:12  %buf_addr = getelementptr i8* %buf_r, i32 %sum

ST_2: sum5 (41)  [1/1] 1.78ns  loc: /mnt/icgridio2/safe/giesen/HLS_tuner/1/TestApps/MachSuite/aes/Sources/aes.c:214
:19  %sum5 = add i5 %i, 15

ST_2: sum5_cast (42)  [1/1] 0.00ns  loc: /mnt/icgridio2/safe/giesen/HLS_tuner/1/TestApps/MachSuite/aes/Sources/aes.c:214
:20  %sum5_cast = zext i5 %sum5 to i32

ST_2: sum3 (43)  [1/1] 2.55ns  loc: /mnt/icgridio2/safe/giesen/HLS_tuner/1/TestApps/MachSuite/aes/Sources/aes.c:214
:21  %sum3 = add i32 %sum5_cast, %key_offset_read

ST_2: key_addr_1 (44)  [1/1] 0.00ns  loc: /mnt/icgridio2/safe/giesen/HLS_tuner/1/TestApps/MachSuite/aes/Sources/aes.c:214
:22  %key_addr_1 = getelementptr i8* %key, i32 %sum3

ST_2: sum7 (47)  [1/1] 2.55ns  loc: /mnt/icgridio2/safe/giesen/HLS_tuner/1/TestApps/MachSuite/aes/Sources/aes.c:214
:25  %sum7 = add i32 %sum5_cast, %cpk_offset_read

ST_2: cpk_addr_1 (48)  [1/1] 0.00ns  loc: /mnt/icgridio2/safe/giesen/HLS_tuner/1/TestApps/MachSuite/aes/Sources/aes.c:214
:26  %cpk_addr_1 = getelementptr i8* %cpk, i32 %sum7

ST_2: StgValue_46 (54)  [1/1] 0.00ns  loc: /mnt/icgridio2/safe/giesen/HLS_tuner/1/TestApps/MachSuite/aes/Sources/aes.c:223
:0  ret void


 <State 3>: 5.11ns
ST_3: key_load_req (26)  [7/7] 5.11ns  loc: /mnt/icgridio2/safe/giesen/HLS_tuner/1/TestApps/MachSuite/aes/Sources/aes.c:221
:4  %key_load_req = call i1 @_ssdm_op_ReadReq.m_axi.i8P(i8* %key_addr, i32 1)

ST_3: buf_load_req (35)  [7/7] 5.11ns  loc: /mnt/icgridio2/safe/giesen/HLS_tuner/1/TestApps/MachSuite/aes/Sources/aes.c:221
:13  %buf_load_req = call i1 @_ssdm_op_ReadReq.m_axi.i8P(i8* %buf_addr, i32 1)


 <State 4>: 5.11ns
ST_4: key_load_req (26)  [6/7] 5.11ns  loc: /mnt/icgridio2/safe/giesen/HLS_tuner/1/TestApps/MachSuite/aes/Sources/aes.c:221
:4  %key_load_req = call i1 @_ssdm_op_ReadReq.m_axi.i8P(i8* %key_addr, i32 1)

ST_4: buf_load_req (35)  [6/7] 5.11ns  loc: /mnt/icgridio2/safe/giesen/HLS_tuner/1/TestApps/MachSuite/aes/Sources/aes.c:221
:13  %buf_load_req = call i1 @_ssdm_op_ReadReq.m_axi.i8P(i8* %buf_addr, i32 1)


 <State 5>: 5.11ns
ST_5: key_load_req (26)  [5/7] 5.11ns  loc: /mnt/icgridio2/safe/giesen/HLS_tuner/1/TestApps/MachSuite/aes/Sources/aes.c:221
:4  %key_load_req = call i1 @_ssdm_op_ReadReq.m_axi.i8P(i8* %key_addr, i32 1)

ST_5: buf_load_req (35)  [5/7] 5.11ns  loc: /mnt/icgridio2/safe/giesen/HLS_tuner/1/TestApps/MachSuite/aes/Sources/aes.c:221
:13  %buf_load_req = call i1 @_ssdm_op_ReadReq.m_axi.i8P(i8* %buf_addr, i32 1)


 <State 6>: 5.11ns
ST_6: key_load_req (26)  [4/7] 5.11ns  loc: /mnt/icgridio2/safe/giesen/HLS_tuner/1/TestApps/MachSuite/aes/Sources/aes.c:221
:4  %key_load_req = call i1 @_ssdm_op_ReadReq.m_axi.i8P(i8* %key_addr, i32 1)

ST_6: buf_load_req (35)  [4/7] 5.11ns  loc: /mnt/icgridio2/safe/giesen/HLS_tuner/1/TestApps/MachSuite/aes/Sources/aes.c:221
:13  %buf_load_req = call i1 @_ssdm_op_ReadReq.m_axi.i8P(i8* %buf_addr, i32 1)

ST_6: key_load_1_req (45)  [7/7] 5.11ns  loc: /mnt/icgridio2/safe/giesen/HLS_tuner/1/TestApps/MachSuite/aes/Sources/aes.c:221
:23  %key_load_1_req = call i1 @_ssdm_op_ReadReq.m_axi.i8P(i8* %key_addr_1, i32 1)


 <State 7>: 5.11ns
ST_7: key_load_req (26)  [3/7] 5.11ns  loc: /mnt/icgridio2/safe/giesen/HLS_tuner/1/TestApps/MachSuite/aes/Sources/aes.c:221
:4  %key_load_req = call i1 @_ssdm_op_ReadReq.m_axi.i8P(i8* %key_addr, i32 1)

ST_7: buf_load_req (35)  [3/7] 5.11ns  loc: /mnt/icgridio2/safe/giesen/HLS_tuner/1/TestApps/MachSuite/aes/Sources/aes.c:221
:13  %buf_load_req = call i1 @_ssdm_op_ReadReq.m_axi.i8P(i8* %buf_addr, i32 1)

ST_7: key_load_1_req (45)  [6/7] 5.11ns  loc: /mnt/icgridio2/safe/giesen/HLS_tuner/1/TestApps/MachSuite/aes/Sources/aes.c:221
:23  %key_load_1_req = call i1 @_ssdm_op_ReadReq.m_axi.i8P(i8* %key_addr_1, i32 1)


 <State 8>: 5.11ns
ST_8: key_load_req (26)  [2/7] 5.11ns  loc: /mnt/icgridio2/safe/giesen/HLS_tuner/1/TestApps/MachSuite/aes/Sources/aes.c:221
:4  %key_load_req = call i1 @_ssdm_op_ReadReq.m_axi.i8P(i8* %key_addr, i32 1)

ST_8: buf_load_req (35)  [2/7] 5.11ns  loc: /mnt/icgridio2/safe/giesen/HLS_tuner/1/TestApps/MachSuite/aes/Sources/aes.c:221
:13  %buf_load_req = call i1 @_ssdm_op_ReadReq.m_axi.i8P(i8* %buf_addr, i32 1)

ST_8: key_load_1_req (45)  [5/7] 5.11ns  loc: /mnt/icgridio2/safe/giesen/HLS_tuner/1/TestApps/MachSuite/aes/Sources/aes.c:221
:23  %key_load_1_req = call i1 @_ssdm_op_ReadReq.m_axi.i8P(i8* %key_addr_1, i32 1)


 <State 9>: 5.11ns
ST_9: key_load_req (26)  [1/7] 5.11ns  loc: /mnt/icgridio2/safe/giesen/HLS_tuner/1/TestApps/MachSuite/aes/Sources/aes.c:221
:4  %key_load_req = call i1 @_ssdm_op_ReadReq.m_axi.i8P(i8* %key_addr, i32 1)

ST_9: buf_load_req (35)  [1/7] 5.11ns  loc: /mnt/icgridio2/safe/giesen/HLS_tuner/1/TestApps/MachSuite/aes/Sources/aes.c:221
:13  %buf_load_req = call i1 @_ssdm_op_ReadReq.m_axi.i8P(i8* %buf_addr, i32 1)

ST_9: key_load_1_req (45)  [4/7] 5.11ns  loc: /mnt/icgridio2/safe/giesen/HLS_tuner/1/TestApps/MachSuite/aes/Sources/aes.c:221
:23  %key_load_1_req = call i1 @_ssdm_op_ReadReq.m_axi.i8P(i8* %key_addr_1, i32 1)


 <State 10>: 5.11ns
ST_10: key_addr_read (27)  [1/1] 5.11ns  loc: /mnt/icgridio2/safe/giesen/HLS_tuner/1/TestApps/MachSuite/aes/Sources/aes.c:221
:5  %key_addr_read = call i8 @_ssdm_op_Read.m_axi.i8P(i8* %key_addr)

ST_10: buf_addr_read (36)  [1/1] 5.11ns  loc: /mnt/icgridio2/safe/giesen/HLS_tuner/1/TestApps/MachSuite/aes/Sources/aes.c:221
:14  %buf_addr_read = call i8 @_ssdm_op_Read.m_axi.i8P(i8* %buf_addr)

ST_10: key_load_1_req (45)  [3/7] 5.11ns  loc: /mnt/icgridio2/safe/giesen/HLS_tuner/1/TestApps/MachSuite/aes/Sources/aes.c:221
:23  %key_load_1_req = call i1 @_ssdm_op_ReadReq.m_axi.i8P(i8* %key_addr_1, i32 1)


 <State 11>: 5.11ns
ST_11: cpk_addr_req (30)  [1/1] 5.11ns  loc: /mnt/icgridio2/safe/giesen/HLS_tuner/1/TestApps/MachSuite/aes/Sources/aes.c:221
:8  %cpk_addr_req = call i1 @_ssdm_op_WriteReq.m_axi.i8P(i8* %cpk_addr, i32 1)

ST_11: tmp_33 (37)  [1/1] 1.09ns  loc: /mnt/icgridio2/safe/giesen/HLS_tuner/1/TestApps/MachSuite/aes/Sources/aes.c:221
:15  %tmp_33 = xor i8 %buf_addr_read, %key_addr_read

ST_11: buf_addr_req (38)  [1/1] 5.11ns  loc: /mnt/icgridio2/safe/giesen/HLS_tuner/1/TestApps/MachSuite/aes/Sources/aes.c:221
:16  %buf_addr_req = call i1 @_ssdm_op_WriteReq.m_axi.i8P(i8* %buf_addr, i32 1)

ST_11: key_load_1_req (45)  [2/7] 5.11ns  loc: /mnt/icgridio2/safe/giesen/HLS_tuner/1/TestApps/MachSuite/aes/Sources/aes.c:221
:23  %key_load_1_req = call i1 @_ssdm_op_ReadReq.m_axi.i8P(i8* %key_addr_1, i32 1)


 <State 12>: 5.11ns
ST_12: StgValue_72 (31)  [1/1] 5.11ns  loc: /mnt/icgridio2/safe/giesen/HLS_tuner/1/TestApps/MachSuite/aes/Sources/aes.c:221
:9  call void @_ssdm_op_Write.m_axi.i8P(i8* %cpk_addr, i8 %key_addr_read, i1 true)

ST_12: StgValue_73 (39)  [1/1] 5.11ns  loc: /mnt/icgridio2/safe/giesen/HLS_tuner/1/TestApps/MachSuite/aes/Sources/aes.c:221
:17  call void @_ssdm_op_Write.m_axi.i8P(i8* %buf_addr, i8 %tmp_33, i1 true)

ST_12: key_load_1_req (45)  [1/7] 5.11ns  loc: /mnt/icgridio2/safe/giesen/HLS_tuner/1/TestApps/MachSuite/aes/Sources/aes.c:221
:23  %key_load_1_req = call i1 @_ssdm_op_ReadReq.m_axi.i8P(i8* %key_addr_1, i32 1)


 <State 13>: 5.11ns
ST_13: cpk_addr_resp (32)  [5/5] 5.11ns  loc: /mnt/icgridio2/safe/giesen/HLS_tuner/1/TestApps/MachSuite/aes/Sources/aes.c:221
:10  %cpk_addr_resp = call i1 @_ssdm_op_WriteResp.m_axi.i8P(i8* %cpk_addr)

ST_13: buf_addr_resp (40)  [5/5] 5.11ns  loc: /mnt/icgridio2/safe/giesen/HLS_tuner/1/TestApps/MachSuite/aes/Sources/aes.c:221
:18  %buf_addr_resp = call i1 @_ssdm_op_WriteResp.m_axi.i8P(i8* %buf_addr)

ST_13: key_addr_1_read (46)  [1/1] 5.11ns  loc: /mnt/icgridio2/safe/giesen/HLS_tuner/1/TestApps/MachSuite/aes/Sources/aes.c:221
:24  %key_addr_1_read = call i8 @_ssdm_op_Read.m_axi.i8P(i8* %key_addr_1)

ST_13: cpk_addr_1_req (49)  [1/1] 5.11ns  loc: /mnt/icgridio2/safe/giesen/HLS_tuner/1/TestApps/MachSuite/aes/Sources/aes.c:221
:27  %cpk_addr_1_req = call i1 @_ssdm_op_WriteReq.m_axi.i8P(i8* %cpk_addr_1, i32 1)


 <State 14>: 5.11ns
ST_14: cpk_addr_resp (32)  [4/5] 5.11ns  loc: /mnt/icgridio2/safe/giesen/HLS_tuner/1/TestApps/MachSuite/aes/Sources/aes.c:221
:10  %cpk_addr_resp = call i1 @_ssdm_op_WriteResp.m_axi.i8P(i8* %cpk_addr)

ST_14: buf_addr_resp (40)  [4/5] 5.11ns  loc: /mnt/icgridio2/safe/giesen/HLS_tuner/1/TestApps/MachSuite/aes/Sources/aes.c:221
:18  %buf_addr_resp = call i1 @_ssdm_op_WriteResp.m_axi.i8P(i8* %buf_addr)

ST_14: StgValue_81 (50)  [1/1] 5.11ns  loc: /mnt/icgridio2/safe/giesen/HLS_tuner/1/TestApps/MachSuite/aes/Sources/aes.c:221
:28  call void @_ssdm_op_Write.m_axi.i8P(i8* %cpk_addr_1, i8 %key_addr_1_read, i1 true)


 <State 15>: 5.11ns
ST_15: cpk_addr_resp (32)  [3/5] 5.11ns  loc: /mnt/icgridio2/safe/giesen/HLS_tuner/1/TestApps/MachSuite/aes/Sources/aes.c:221
:10  %cpk_addr_resp = call i1 @_ssdm_op_WriteResp.m_axi.i8P(i8* %cpk_addr)

ST_15: buf_addr_resp (40)  [3/5] 5.11ns  loc: /mnt/icgridio2/safe/giesen/HLS_tuner/1/TestApps/MachSuite/aes/Sources/aes.c:221
:18  %buf_addr_resp = call i1 @_ssdm_op_WriteResp.m_axi.i8P(i8* %buf_addr)

ST_15: cpk_addr_1_resp (51)  [5/5] 5.11ns  loc: /mnt/icgridio2/safe/giesen/HLS_tuner/1/TestApps/MachSuite/aes/Sources/aes.c:221
:29  %cpk_addr_1_resp = call i1 @_ssdm_op_WriteResp.m_axi.i8P(i8* %cpk_addr_1)


 <State 16>: 5.11ns
ST_16: cpk_addr_resp (32)  [2/5] 5.11ns  loc: /mnt/icgridio2/safe/giesen/HLS_tuner/1/TestApps/MachSuite/aes/Sources/aes.c:221
:10  %cpk_addr_resp = call i1 @_ssdm_op_WriteResp.m_axi.i8P(i8* %cpk_addr)

ST_16: buf_addr_resp (40)  [2/5] 5.11ns  loc: /mnt/icgridio2/safe/giesen/HLS_tuner/1/TestApps/MachSuite/aes/Sources/aes.c:221
:18  %buf_addr_resp = call i1 @_ssdm_op_WriteResp.m_axi.i8P(i8* %buf_addr)

ST_16: cpk_addr_1_resp (51)  [4/5] 5.11ns  loc: /mnt/icgridio2/safe/giesen/HLS_tuner/1/TestApps/MachSuite/aes/Sources/aes.c:221
:29  %cpk_addr_1_resp = call i1 @_ssdm_op_WriteResp.m_axi.i8P(i8* %cpk_addr_1)


 <State 17>: 5.11ns
ST_17: cpk_addr_resp (32)  [1/5] 5.11ns  loc: /mnt/icgridio2/safe/giesen/HLS_tuner/1/TestApps/MachSuite/aes/Sources/aes.c:221
:10  %cpk_addr_resp = call i1 @_ssdm_op_WriteResp.m_axi.i8P(i8* %cpk_addr)

ST_17: buf_addr_resp (40)  [1/5] 5.11ns  loc: /mnt/icgridio2/safe/giesen/HLS_tuner/1/TestApps/MachSuite/aes/Sources/aes.c:221
:18  %buf_addr_resp = call i1 @_ssdm_op_WriteResp.m_axi.i8P(i8* %buf_addr)

ST_17: cpk_addr_1_resp (51)  [3/5] 5.11ns  loc: /mnt/icgridio2/safe/giesen/HLS_tuner/1/TestApps/MachSuite/aes/Sources/aes.c:221
:29  %cpk_addr_1_resp = call i1 @_ssdm_op_WriteResp.m_axi.i8P(i8* %cpk_addr_1)


 <State 18>: 5.11ns
ST_18: cpk_addr_1_resp (51)  [2/5] 5.11ns  loc: /mnt/icgridio2/safe/giesen/HLS_tuner/1/TestApps/MachSuite/aes/Sources/aes.c:221
:29  %cpk_addr_1_resp = call i1 @_ssdm_op_WriteResp.m_axi.i8P(i8* %cpk_addr_1)


 <State 19>: 5.11ns
ST_19: StgValue_92 (22)  [1/1] 0.00ns  loc: /mnt/icgridio2/safe/giesen/HLS_tuner/1/TestApps/MachSuite/aes/Sources/aes.c:215
:0  call void (...)* @_ssdm_op_SpecLoopName([6 x i8]* @p_str3) nounwind

ST_19: cpk_addr_1_resp (51)  [1/5] 5.11ns  loc: /mnt/icgridio2/safe/giesen/HLS_tuner/1/TestApps/MachSuite/aes/Sources/aes.c:221
:29  %cpk_addr_1_resp = call i1 @_ssdm_op_WriteResp.m_axi.i8P(i8* %cpk_addr_1)

ST_19: StgValue_94 (52)  [1/1] 0.00ns  loc: /mnt/icgridio2/safe/giesen/HLS_tuner/1/TestApps/MachSuite/aes/Sources/aes.c:222
:30  br label %1



============================================================
+ Verbose Summary: Timing violations
============================================================
Target clock period: 7ns, clock uncertainty: 1.89ns.

 <State 1>: 1.77ns
The critical path consists of the following:
	multiplexor before 'phi' operation ('i') with incoming values : ('i', /mnt/icgridio2/safe/giesen/HLS_tuner/1/TestApps/MachSuite/aes/Sources/aes.c:214) [15]  (1.77 ns)

 <State 2>: 4.33ns
The critical path consists of the following:
	'phi' operation ('i') with incoming values : ('i', /mnt/icgridio2/safe/giesen/HLS_tuner/1/TestApps/MachSuite/aes/Sources/aes.c:214) [15]  (0 ns)
	'add' operation ('i', /mnt/icgridio2/safe/giesen/HLS_tuner/1/TestApps/MachSuite/aes/Sources/aes.c:214) [16]  (1.78 ns)
	'add' operation ('sum2', /mnt/icgridio2/safe/giesen/HLS_tuner/1/TestApps/MachSuite/aes/Sources/aes.c:221) [24]  (2.55 ns)

 <State 3>: 5.11ns
The critical path consists of the following:
	bus request on port 'key' (/mnt/icgridio2/safe/giesen/HLS_tuner/1/TestApps/MachSuite/aes/Sources/aes.c:221) [26]  (5.11 ns)

 <State 4>: 5.11ns
The critical path consists of the following:
	bus request on port 'key' (/mnt/icgridio2/safe/giesen/HLS_tuner/1/TestApps/MachSuite/aes/Sources/aes.c:221) [26]  (5.11 ns)

 <State 5>: 5.11ns
The critical path consists of the following:
	bus request on port 'key' (/mnt/icgridio2/safe/giesen/HLS_tuner/1/TestApps/MachSuite/aes/Sources/aes.c:221) [26]  (5.11 ns)

 <State 6>: 5.11ns
The critical path consists of the following:
	bus request on port 'key' (/mnt/icgridio2/safe/giesen/HLS_tuner/1/TestApps/MachSuite/aes/Sources/aes.c:221) [26]  (5.11 ns)

 <State 7>: 5.11ns
The critical path consists of the following:
	bus request on port 'key' (/mnt/icgridio2/safe/giesen/HLS_tuner/1/TestApps/MachSuite/aes/Sources/aes.c:221) [26]  (5.11 ns)

 <State 8>: 5.11ns
The critical path consists of the following:
	bus request on port 'key' (/mnt/icgridio2/safe/giesen/HLS_tuner/1/TestApps/MachSuite/aes/Sources/aes.c:221) [26]  (5.11 ns)

 <State 9>: 5.11ns
The critical path consists of the following:
	bus request on port 'key' (/mnt/icgridio2/safe/giesen/HLS_tuner/1/TestApps/MachSuite/aes/Sources/aes.c:221) [26]  (5.11 ns)

 <State 10>: 5.11ns
The critical path consists of the following:
	bus read on port 'key' (/mnt/icgridio2/safe/giesen/HLS_tuner/1/TestApps/MachSuite/aes/Sources/aes.c:221) [27]  (5.11 ns)

 <State 11>: 5.11ns
The critical path consists of the following:
	bus request on port 'cpk' (/mnt/icgridio2/safe/giesen/HLS_tuner/1/TestApps/MachSuite/aes/Sources/aes.c:221) [30]  (5.11 ns)

 <State 12>: 5.11ns
The critical path consists of the following:
	bus write on port 'cpk' (/mnt/icgridio2/safe/giesen/HLS_tuner/1/TestApps/MachSuite/aes/Sources/aes.c:221) [31]  (5.11 ns)

 <State 13>: 5.11ns
The critical path consists of the following:
	bus access on port 'cpk' (/mnt/icgridio2/safe/giesen/HLS_tuner/1/TestApps/MachSuite/aes/Sources/aes.c:221) [32]  (5.11 ns)

 <State 14>: 5.11ns
The critical path consists of the following:
	bus access on port 'cpk' (/mnt/icgridio2/safe/giesen/HLS_tuner/1/TestApps/MachSuite/aes/Sources/aes.c:221) [32]  (5.11 ns)

 <State 15>: 5.11ns
The critical path consists of the following:
	bus access on port 'cpk' (/mnt/icgridio2/safe/giesen/HLS_tuner/1/TestApps/MachSuite/aes/Sources/aes.c:221) [32]  (5.11 ns)

 <State 16>: 5.11ns
The critical path consists of the following:
	bus access on port 'cpk' (/mnt/icgridio2/safe/giesen/HLS_tuner/1/TestApps/MachSuite/aes/Sources/aes.c:221) [32]  (5.11 ns)

 <State 17>: 5.11ns
The critical path consists of the following:
	bus access on port 'cpk' (/mnt/icgridio2/safe/giesen/HLS_tuner/1/TestApps/MachSuite/aes/Sources/aes.c:221) [32]  (5.11 ns)

 <State 18>: 5.11ns
The critical path consists of the following:
	bus access on port 'cpk' (/mnt/icgridio2/safe/giesen/HLS_tuner/1/TestApps/MachSuite/aes/Sources/aes.c:221) [51]  (5.11 ns)

 <State 19>: 5.11ns
The critical path consists of the following:
	bus access on port 'cpk' (/mnt/icgridio2/safe/giesen/HLS_tuner/1/TestApps/MachSuite/aes/Sources/aes.c:221) [51]  (5.11 ns)


============================================================
+ Verbose Summary: Binding
============================================================
N/A
* FSMD analyzer results:
  - Output states:
 - Input state : 
  - Chain level:
	State 1
	State 2
	State 3
	State 4
	State 5
	State 6
	State 7
	State 8
	State 9
	State 10
	State 11
	State 12
	State 13
	State 14
	State 15
	State 16
	State 17
	State 18
	State 19


============================================================
+ Verbose Summary: Datapath Resource usage 
============================================================
N/A
