

================================================================
== Vivado HLS Report for 'aes_addRoundKey_cpy'
================================================================
* Date:           Mon Nov 19 14:14:59 2018

* Version:        2017.1 (Build 1846317 on Thu Jun 22 18:17:09 MDT 2017)
* Project:        encrypt
* Solution:       solution
* Product family: zynq
* Target device:  xc7z020clg400-1


================================================================
== Performance Estimates
================================================================
+ Timing (ns): 
    * Summary: 
    +--------+-------+----------+------------+
    |  Clock | Target| Estimated| Uncertainty|
    +--------+-------+----------+------------+
    |ap_clk  |  10.00|      7.30|        2.70|
    +--------+-------+----------+------------+

+ Latency (clock cycles): 
    * Summary: 
    +-----+-----+-----+-----+---------+
    |  Latency  |  Interval | Pipeline|
    | min | max | min | max |   Type  |
    +-----+-----+-----+-----+---------+
    |  261|  261|  261|  261|   none  |
    +-----+-----+-----+-----+---------+

    + Detail: 
        * Instance: 
        N/A

        * Loop: 
        +----------+-----+-----+----------+-----------+-----------+------+----------+
        |          |  Latency  | Iteration|  Initiation Interval  | Trip |          |
        | Loop Name| min | max |  Latency |  achieved |   target  | Count| Pipelined|
        +----------+-----+-----+----------+-----------+-----------+------+----------+
        |- cpkey   |  260|  260|        65|          -|          -|     4|    no    |
        +----------+-----+-----+----------+-----------+-----------+------+----------+



================================================================
== Utilization Estimates
================================================================
* Summary: 
+-----------------+---------+-------+--------+-------+
|       Name      | BRAM_18K| DSP48E|   FF   |  LUT  |
+-----------------+---------+-------+--------+-------+
|DSP              |        -|      -|       -|      -|
|Expression       |        -|      -|       0|   1035|
|FIFO             |        -|      -|       -|      -|
|Instance         |        -|      -|       -|      -|
|Memory           |        -|      -|       -|      -|
|Multiplexer      |        -|      -|       -|    667|
|Register         |        -|      -|     850|      -|
+-----------------+---------+-------+--------+-------+
|Total            |        0|      0|     850|   1702|
+-----------------+---------+-------+--------+-------+
|Available        |      280|    220|  106400|  53200|
+-----------------+---------+-------+--------+-------+
|Utilization (%)  |        0|      0|   ~0   |      3|
+-----------------+---------+-------+--------+-------+

+ Detail: 
    * Instance: 
    N/A

    * DSP48: 
    N/A

    * Memory: 
    N/A

    * FIFO: 
    N/A

    * Expression: 
    +---------------------+----------+-------+---+----+------------+------------+
    |    Variable Name    | Operation| DSP48E| FF| LUT| Bitwidth P0| Bitwidth P1|
    +---------------------+----------+-------+---+----+------------+------------+
    |i_10_1_fu_505_p2     |     +    |      0|  0|  15|           5|           3|
    |i_10_2_fu_588_p2     |     +    |      0|  0|  15|           5|           3|
    |i_10_3_fu_667_p2     |     +    |      0|  0|  15|           5|           4|
    |i_s_fu_416_p2        |     +    |      0|  0|  15|           5|           2|
    |sum10_fu_602_p2      |     +    |      0|  0|  39|          32|          32|
    |sum11_fu_645_p2      |     +    |      0|  0|  39|          32|          32|
    |sum12_fu_681_p2      |     +    |      0|  0|  39|          32|          32|
    |sum13_fu_724_p2      |     +    |      0|  0|  39|          32|          32|
    |sum15_fu_447_p2      |     +    |      0|  0|  39|          32|          32|
    |sum16_fu_494_p2      |     +    |      0|  0|  39|          32|          32|
    |sum17_fu_530_p2      |     +    |      0|  0|  39|          32|          32|
    |sum18_fu_577_p2      |     +    |      0|  0|  39|          32|          32|
    |sum19_fu_613_p2      |     +    |      0|  0|  39|          32|          32|
    |sum1_fu_541_p2       |     +    |      0|  0|  39|          32|          32|
    |sum20_fu_656_p2      |     +    |      0|  0|  39|          32|          32|
    |sum21_fu_692_p2      |     +    |      0|  0|  39|          32|          32|
    |sum22_fu_735_p2      |     +    |      0|  0|  39|          32|          32|
    |sum2_fu_624_p2       |     +    |      0|  0|  39|          32|          32|
    |sum3_fu_703_p2       |     +    |      0|  0|  39|          32|          32|
    |sum5_1_fu_556_p2     |     +    |      0|  0|  15|           5|           4|
    |sum5_2_fu_635_p2     |     +    |      0|  0|  15|           5|           4|
    |sum5_3_fu_714_p2     |     +    |      0|  0|  15|           5|           4|
    |sum5_fu_473_p2       |     +    |      0|  0|  15|           5|           4|
    |sum6_fu_436_p2       |     +    |      0|  0|  39|          32|          32|
    |sum7_fu_483_p2       |     +    |      0|  0|  39|          32|          32|
    |sum8_fu_519_p2       |     +    |      0|  0|  39|          32|          32|
    |sum9_fu_566_p2       |     +    |      0|  0|  39|          32|          32|
    |sum_fu_458_p2        |     +    |      0|  0|  39|          32|          32|
    |ap_condition_825     |    and   |      0|  0|   8|           1|           1|
    |tmp_fu_426_p2        |   icmp   |      0|  0|  11|           5|           1|
    |ap_block_state10     |    or    |      0|  0|   8|           1|           1|
    |ap_block_state11_io  |    or    |      0|  0|   8|           1|           1|
    |ap_block_state12_io  |    or    |      0|  0|   8|           1|           1|
    |ap_block_state17     |    or    |      0|  0|   8|           1|           1|
    |ap_block_state18_io  |    or    |      0|  0|   8|           1|           1|
    |ap_block_state49     |    or    |      0|  0|   8|           1|           1|
    |ap_block_state50_io  |    or    |      0|  0|   8|           1|           1|
    |tmp_24_fu_469_p2     |    xor   |      0|  0|  15|           8|           8|
    |tmp_67_1_fu_552_p2   |    xor   |      0|  0|  15|           8|           8|
    |tmp_67_2_fu_746_p2   |    xor   |      0|  0|  15|           8|           8|
    |tmp_67_3_fu_750_p2   |    xor   |      0|  0|  15|           8|           8|
    +---------------------+----------+-------+---+----+------------+------------+
    |Total                |          |      0|  0|1035|         725|         709|
    +---------------------+----------+-------+---+----+------------+------------+

    * Multiplexer: 
    +------------------------------------+-----+-----------+-----+-----------+
    |                Name                | LUT | Input Size| Bits| Total Bits|
    +------------------------------------+-----+-----------+-----+-----------+
    |ap_NS_fsm                           |  301|         67|    1|         67|
    |ap_sig_ioackin_m_axi_buf_r_ARREADY  |    9|          2|    1|          2|
    |ap_sig_ioackin_m_axi_buf_r_AWREADY  |    9|          2|    1|          2|
    |ap_sig_ioackin_m_axi_buf_r_WREADY   |    9|          2|    1|          2|
    |ap_sig_ioackin_m_axi_cpk_AWREADY    |    9|          2|    1|          2|
    |ap_sig_ioackin_m_axi_cpk_WREADY     |    9|          2|    1|          2|
    |ap_sig_ioackin_m_axi_key_ARREADY    |    9|          2|    1|          2|
    |buf_r_blk_n_AR                      |    9|          2|    1|          2|
    |buf_r_blk_n_AW                      |    9|          2|    1|          2|
    |buf_r_blk_n_B                       |    9|          2|    1|          2|
    |buf_r_blk_n_R                       |    9|          2|    1|          2|
    |buf_r_blk_n_W                       |    9|          2|    1|          2|
    |cpk_blk_n_AW                        |    9|          2|    1|          2|
    |cpk_blk_n_B                         |    9|          2|    1|          2|
    |cpk_blk_n_W                         |    9|          2|    1|          2|
    |i_reg_404                           |    9|          2|    5|         10|
    |key_blk_n_AR                        |    9|          2|    1|          2|
    |key_blk_n_R                         |    9|          2|    1|          2|
    |m_axi_buf_r_ARADDR                  |   27|          5|   32|        160|
    |m_axi_buf_r_AWADDR                  |   27|          5|   32|        160|
    |m_axi_buf_r_WDATA                   |   27|          5|    8|         40|
    |m_axi_cpk_AWADDR                    |   44|          9|   32|        288|
    |m_axi_cpk_WDATA                     |   44|          9|    8|         72|
    |m_axi_key_ARADDR                    |   44|          9|   32|        288|
    +------------------------------------+-----+-----------+-----+-----------+
    |Total                               |  667|        143|  166|       1117|
    +------------------------------------+-----+-----------+-----+-----------+

    * Register: 
    +------------------------------------+----+----+-----+-----------+
    |                Name                | FF | LUT| Bits| Const Bits|
    +------------------------------------+----+----+-----+-----------+
    |ap_CS_fsm                           |  66|   0|   66|          0|
    |ap_reg_ioackin_m_axi_buf_r_ARREADY  |   1|   0|    1|          0|
    |ap_reg_ioackin_m_axi_buf_r_AWREADY  |   1|   0|    1|          0|
    |ap_reg_ioackin_m_axi_buf_r_WREADY   |   1|   0|    1|          0|
    |ap_reg_ioackin_m_axi_cpk_AWREADY    |   1|   0|    1|          0|
    |ap_reg_ioackin_m_axi_cpk_WREADY     |   1|   0|    1|          0|
    |ap_reg_ioackin_m_axi_key_ARREADY    |   1|   0|    1|          0|
    |buf_addr_28_read_reg_860            |   8|   0|    8|          0|
    |buf_addr_28_reg_848                 |  32|   0|   32|          0|
    |buf_addr_29_read_reg_960            |   8|   0|    8|          0|
    |buf_addr_29_reg_900                 |  32|   0|   32|          0|
    |buf_addr_30_read_reg_987            |   8|   0|    8|          0|
    |buf_addr_30_reg_936                 |  32|   0|   32|          0|
    |buf_addr_read_reg_814               |   8|   0|    8|          0|
    |buf_addr_reg_801                    |  32|   0|   32|          0|
    |cpk_addr_1_reg_830                  |  32|   0|   32|          0|
    |cpk_addr_2_reg_842                  |  32|   0|   32|          0|
    |cpk_addr_3_reg_882                  |  32|   0|   32|          0|
    |cpk_addr_4_reg_894                  |  32|   0|   32|          0|
    |cpk_addr_5_reg_913                  |  32|   0|   32|          0|
    |cpk_addr_6_reg_930                  |  32|   0|   32|          0|
    |cpk_addr_7_reg_949                  |  32|   0|   32|          0|
    |cpk_addr_reg_795                    |  32|   0|   32|          0|
    |i_10_3_reg_919                      |   5|   0|    5|          0|
    |i_reg_404                           |   5|   0|    5|          0|
    |key_addr_1_read_reg_855             |   8|   0|    8|          0|
    |key_addr_1_reg_824                  |  32|   0|   32|          0|
    |key_addr_2_read_reg_865             |   8|   0|    8|          0|
    |key_addr_2_reg_836                  |  32|   0|   32|          0|
    |key_addr_3_read_reg_955             |   8|   0|    8|          0|
    |key_addr_3_reg_876                  |  32|   0|   32|          0|
    |key_addr_4_read_reg_965             |   8|   0|    8|          0|
    |key_addr_4_reg_888                  |  32|   0|   32|          0|
    |key_addr_5_read_reg_976             |   8|   0|    8|          0|
    |key_addr_5_reg_907                  |  32|   0|   32|          0|
    |key_addr_6_read_reg_981             |   8|   0|    8|          0|
    |key_addr_6_reg_924                  |  32|   0|   32|          0|
    |key_addr_7_read_reg_997             |   8|   0|    8|          0|
    |key_addr_7_reg_943                  |  32|   0|   32|          0|
    |key_addr_read_reg_808               |   8|   0|    8|          0|
    |key_addr_reg_789                    |  32|   0|   32|          0|
    |tmp_24_reg_819                      |   8|   0|    8|          0|
    |tmp_67_1_reg_871                    |   8|   0|    8|          0|
    |tmp_67_2_reg_971                    |   8|   0|    8|          0|
    |tmp_67_3_reg_992                    |   8|   0|    8|          0|
    +------------------------------------+----+----+-----+-----------+
    |Total                               | 850|   0|  850|          0|
    +------------------------------------+----+----+-----+-----------+



================================================================
== Interface
================================================================
* Summary: 
+----------------------+-----+-----+------------+---------------------+--------------+
|       RTL Ports      | Dir | Bits|  Protocol  |    Source Object    |    C Type    |
+----------------------+-----+-----+------------+---------------------+--------------+
|ap_clk                |  in |    1| ap_ctrl_hs | aes_addRoundKey_cpy | return value |
|ap_rst                |  in |    1| ap_ctrl_hs | aes_addRoundKey_cpy | return value |
|ap_start              |  in |    1| ap_ctrl_hs | aes_addRoundKey_cpy | return value |
|ap_done               | out |    1| ap_ctrl_hs | aes_addRoundKey_cpy | return value |
|ap_idle               | out |    1| ap_ctrl_hs | aes_addRoundKey_cpy | return value |
|ap_ready              | out |    1| ap_ctrl_hs | aes_addRoundKey_cpy | return value |
|m_axi_buf_r_AWVALID   | out |    1|    m_axi   |        buf_r        |    pointer   |
|m_axi_buf_r_AWREADY   |  in |    1|    m_axi   |        buf_r        |    pointer   |
|m_axi_buf_r_AWADDR    | out |   32|    m_axi   |        buf_r        |    pointer   |
|m_axi_buf_r_AWID      | out |    1|    m_axi   |        buf_r        |    pointer   |
|m_axi_buf_r_AWLEN     | out |   32|    m_axi   |        buf_r        |    pointer   |
|m_axi_buf_r_AWSIZE    | out |    3|    m_axi   |        buf_r        |    pointer   |
|m_axi_buf_r_AWBURST   | out |    2|    m_axi   |        buf_r        |    pointer   |
|m_axi_buf_r_AWLOCK    | out |    2|    m_axi   |        buf_r        |    pointer   |
|m_axi_buf_r_AWCACHE   | out |    4|    m_axi   |        buf_r        |    pointer   |
|m_axi_buf_r_AWPROT    | out |    3|    m_axi   |        buf_r        |    pointer   |
|m_axi_buf_r_AWQOS     | out |    4|    m_axi   |        buf_r        |    pointer   |
|m_axi_buf_r_AWREGION  | out |    4|    m_axi   |        buf_r        |    pointer   |
|m_axi_buf_r_AWUSER    | out |    1|    m_axi   |        buf_r        |    pointer   |
|m_axi_buf_r_WVALID    | out |    1|    m_axi   |        buf_r        |    pointer   |
|m_axi_buf_r_WREADY    |  in |    1|    m_axi   |        buf_r        |    pointer   |
|m_axi_buf_r_WDATA     | out |    8|    m_axi   |        buf_r        |    pointer   |
|m_axi_buf_r_WSTRB     | out |    1|    m_axi   |        buf_r        |    pointer   |
|m_axi_buf_r_WLAST     | out |    1|    m_axi   |        buf_r        |    pointer   |
|m_axi_buf_r_WID       | out |    1|    m_axi   |        buf_r        |    pointer   |
|m_axi_buf_r_WUSER     | out |    1|    m_axi   |        buf_r        |    pointer   |
|m_axi_buf_r_ARVALID   | out |    1|    m_axi   |        buf_r        |    pointer   |
|m_axi_buf_r_ARREADY   |  in |    1|    m_axi   |        buf_r        |    pointer   |
|m_axi_buf_r_ARADDR    | out |   32|    m_axi   |        buf_r        |    pointer   |
|m_axi_buf_r_ARID      | out |    1|    m_axi   |        buf_r        |    pointer   |
|m_axi_buf_r_ARLEN     | out |   32|    m_axi   |        buf_r        |    pointer   |
|m_axi_buf_r_ARSIZE    | out |    3|    m_axi   |        buf_r        |    pointer   |
|m_axi_buf_r_ARBURST   | out |    2|    m_axi   |        buf_r        |    pointer   |
|m_axi_buf_r_ARLOCK    | out |    2|    m_axi   |        buf_r        |    pointer   |
|m_axi_buf_r_ARCACHE   | out |    4|    m_axi   |        buf_r        |    pointer   |
|m_axi_buf_r_ARPROT    | out |    3|    m_axi   |        buf_r        |    pointer   |
|m_axi_buf_r_ARQOS     | out |    4|    m_axi   |        buf_r        |    pointer   |
|m_axi_buf_r_ARREGION  | out |    4|    m_axi   |        buf_r        |    pointer   |
|m_axi_buf_r_ARUSER    | out |    1|    m_axi   |        buf_r        |    pointer   |
|m_axi_buf_r_RVALID    |  in |    1|    m_axi   |        buf_r        |    pointer   |
|m_axi_buf_r_RREADY    | out |    1|    m_axi   |        buf_r        |    pointer   |
|m_axi_buf_r_RDATA     |  in |    8|    m_axi   |        buf_r        |    pointer   |
|m_axi_buf_r_RLAST     |  in |    1|    m_axi   |        buf_r        |    pointer   |
|m_axi_buf_r_RID       |  in |    1|    m_axi   |        buf_r        |    pointer   |
|m_axi_buf_r_RUSER     |  in |    1|    m_axi   |        buf_r        |    pointer   |
|m_axi_buf_r_RRESP     |  in |    2|    m_axi   |        buf_r        |    pointer   |
|m_axi_buf_r_BVALID    |  in |    1|    m_axi   |        buf_r        |    pointer   |
|m_axi_buf_r_BREADY    | out |    1|    m_axi   |        buf_r        |    pointer   |
|m_axi_buf_r_BRESP     |  in |    2|    m_axi   |        buf_r        |    pointer   |
|m_axi_buf_r_BID       |  in |    1|    m_axi   |        buf_r        |    pointer   |
|m_axi_buf_r_BUSER     |  in |    1|    m_axi   |        buf_r        |    pointer   |
|buf_offset            |  in |   32|   ap_none  |      buf_offset     |    scalar    |
|m_axi_key_AWVALID     | out |    1|    m_axi   |         key         |    pointer   |
|m_axi_key_AWREADY     |  in |    1|    m_axi   |         key         |    pointer   |
|m_axi_key_AWADDR      | out |   32|    m_axi   |         key         |    pointer   |
|m_axi_key_AWID        | out |    1|    m_axi   |         key         |    pointer   |
|m_axi_key_AWLEN       | out |   32|    m_axi   |         key         |    pointer   |
|m_axi_key_AWSIZE      | out |    3|    m_axi   |         key         |    pointer   |
|m_axi_key_AWBURST     | out |    2|    m_axi   |         key         |    pointer   |
|m_axi_key_AWLOCK      | out |    2|    m_axi   |         key         |    pointer   |
|m_axi_key_AWCACHE     | out |    4|    m_axi   |         key         |    pointer   |
|m_axi_key_AWPROT      | out |    3|    m_axi   |         key         |    pointer   |
|m_axi_key_AWQOS       | out |    4|    m_axi   |         key         |    pointer   |
|m_axi_key_AWREGION    | out |    4|    m_axi   |         key         |    pointer   |
|m_axi_key_AWUSER      | out |    1|    m_axi   |         key         |    pointer   |
|m_axi_key_WVALID      | out |    1|    m_axi   |         key         |    pointer   |
|m_axi_key_WREADY      |  in |    1|    m_axi   |         key         |    pointer   |
|m_axi_key_WDATA       | out |    8|    m_axi   |         key         |    pointer   |
|m_axi_key_WSTRB       | out |    1|    m_axi   |         key         |    pointer   |
|m_axi_key_WLAST       | out |    1|    m_axi   |         key         |    pointer   |
|m_axi_key_WID         | out |    1|    m_axi   |         key         |    pointer   |
|m_axi_key_WUSER       | out |    1|    m_axi   |         key         |    pointer   |
|m_axi_key_ARVALID     | out |    1|    m_axi   |         key         |    pointer   |
|m_axi_key_ARREADY     |  in |    1|    m_axi   |         key         |    pointer   |
|m_axi_key_ARADDR      | out |   32|    m_axi   |         key         |    pointer   |
|m_axi_key_ARID        | out |    1|    m_axi   |         key         |    pointer   |
|m_axi_key_ARLEN       | out |   32|    m_axi   |         key         |    pointer   |
|m_axi_key_ARSIZE      | out |    3|    m_axi   |         key         |    pointer   |
|m_axi_key_ARBURST     | out |    2|    m_axi   |         key         |    pointer   |
|m_axi_key_ARLOCK      | out |    2|    m_axi   |         key         |    pointer   |
|m_axi_key_ARCACHE     | out |    4|    m_axi   |         key         |    pointer   |
|m_axi_key_ARPROT      | out |    3|    m_axi   |         key         |    pointer   |
|m_axi_key_ARQOS       | out |    4|    m_axi   |         key         |    pointer   |
|m_axi_key_ARREGION    | out |    4|    m_axi   |         key         |    pointer   |
|m_axi_key_ARUSER      | out |    1|    m_axi   |         key         |    pointer   |
|m_axi_key_RVALID      |  in |    1|    m_axi   |         key         |    pointer   |
|m_axi_key_RREADY      | out |    1|    m_axi   |         key         |    pointer   |
|m_axi_key_RDATA       |  in |    8|    m_axi   |         key         |    pointer   |
|m_axi_key_RLAST       |  in |    1|    m_axi   |         key         |    pointer   |
|m_axi_key_RID         |  in |    1|    m_axi   |         key         |    pointer   |
|m_axi_key_RUSER       |  in |    1|    m_axi   |         key         |    pointer   |
|m_axi_key_RRESP       |  in |    2|    m_axi   |         key         |    pointer   |
|m_axi_key_BVALID      |  in |    1|    m_axi   |         key         |    pointer   |
|m_axi_key_BREADY      | out |    1|    m_axi   |         key         |    pointer   |
|m_axi_key_BRESP       |  in |    2|    m_axi   |         key         |    pointer   |
|m_axi_key_BID         |  in |    1|    m_axi   |         key         |    pointer   |
|m_axi_key_BUSER       |  in |    1|    m_axi   |         key         |    pointer   |
|key_offset            |  in |   32|   ap_none  |      key_offset     |    scalar    |
|m_axi_cpk_AWVALID     | out |    1|    m_axi   |         cpk         |    pointer   |
|m_axi_cpk_AWREADY     |  in |    1|    m_axi   |         cpk         |    pointer   |
|m_axi_cpk_AWADDR      | out |   32|    m_axi   |         cpk         |    pointer   |
|m_axi_cpk_AWID        | out |    1|    m_axi   |         cpk         |    pointer   |
|m_axi_cpk_AWLEN       | out |   32|    m_axi   |         cpk         |    pointer   |
|m_axi_cpk_AWSIZE      | out |    3|    m_axi   |         cpk         |    pointer   |
|m_axi_cpk_AWBURST     | out |    2|    m_axi   |         cpk         |    pointer   |
|m_axi_cpk_AWLOCK      | out |    2|    m_axi   |         cpk         |    pointer   |
|m_axi_cpk_AWCACHE     | out |    4|    m_axi   |         cpk         |    pointer   |
|m_axi_cpk_AWPROT      | out |    3|    m_axi   |         cpk         |    pointer   |
|m_axi_cpk_AWQOS       | out |    4|    m_axi   |         cpk         |    pointer   |
|m_axi_cpk_AWREGION    | out |    4|    m_axi   |         cpk         |    pointer   |
|m_axi_cpk_AWUSER      | out |    1|    m_axi   |         cpk         |    pointer   |
|m_axi_cpk_WVALID      | out |    1|    m_axi   |         cpk         |    pointer   |
|m_axi_cpk_WREADY      |  in |    1|    m_axi   |         cpk         |    pointer   |
|m_axi_cpk_WDATA       | out |    8|    m_axi   |         cpk         |    pointer   |
|m_axi_cpk_WSTRB       | out |    1|    m_axi   |         cpk         |    pointer   |
|m_axi_cpk_WLAST       | out |    1|    m_axi   |         cpk         |    pointer   |
|m_axi_cpk_WID         | out |    1|    m_axi   |         cpk         |    pointer   |
|m_axi_cpk_WUSER       | out |    1|    m_axi   |         cpk         |    pointer   |
|m_axi_cpk_ARVALID     | out |    1|    m_axi   |         cpk         |    pointer   |
|m_axi_cpk_ARREADY     |  in |    1|    m_axi   |         cpk         |    pointer   |
|m_axi_cpk_ARADDR      | out |   32|    m_axi   |         cpk         |    pointer   |
|m_axi_cpk_ARID        | out |    1|    m_axi   |         cpk         |    pointer   |
|m_axi_cpk_ARLEN       | out |   32|    m_axi   |         cpk         |    pointer   |
|m_axi_cpk_ARSIZE      | out |    3|    m_axi   |         cpk         |    pointer   |
|m_axi_cpk_ARBURST     | out |    2|    m_axi   |         cpk         |    pointer   |
|m_axi_cpk_ARLOCK      | out |    2|    m_axi   |         cpk         |    pointer   |
|m_axi_cpk_ARCACHE     | out |    4|    m_axi   |         cpk         |    pointer   |
|m_axi_cpk_ARPROT      | out |    3|    m_axi   |         cpk         |    pointer   |
|m_axi_cpk_ARQOS       | out |    4|    m_axi   |         cpk         |    pointer   |
|m_axi_cpk_ARREGION    | out |    4|    m_axi   |         cpk         |    pointer   |
|m_axi_cpk_ARUSER      | out |    1|    m_axi   |         cpk         |    pointer   |
|m_axi_cpk_RVALID      |  in |    1|    m_axi   |         cpk         |    pointer   |
|m_axi_cpk_RREADY      | out |    1|    m_axi   |         cpk         |    pointer   |
|m_axi_cpk_RDATA       |  in |    8|    m_axi   |         cpk         |    pointer   |
|m_axi_cpk_RLAST       |  in |    1|    m_axi   |         cpk         |    pointer   |
|m_axi_cpk_RID         |  in |    1|    m_axi   |         cpk         |    pointer   |
|m_axi_cpk_RUSER       |  in |    1|    m_axi   |         cpk         |    pointer   |
|m_axi_cpk_RRESP       |  in |    2|    m_axi   |         cpk         |    pointer   |
|m_axi_cpk_BVALID      |  in |    1|    m_axi   |         cpk         |    pointer   |
|m_axi_cpk_BREADY      | out |    1|    m_axi   |         cpk         |    pointer   |
|m_axi_cpk_BRESP       |  in |    2|    m_axi   |         cpk         |    pointer   |
|m_axi_cpk_BID         |  in |    1|    m_axi   |         cpk         |    pointer   |
|m_axi_cpk_BUSER       |  in |    1|    m_axi   |         cpk         |    pointer   |
|cpk_offset            |  in |   32|   ap_none  |      cpk_offset     |    scalar    |
+----------------------+-----+-----+------------+---------------------+--------------+

